C51 COMPILER V7.06   KEYINPUT                                                              10/29/2008 14:40:48 PAGE 1   


C51 COMPILER V7.06, COMPILATION OF MODULE KEYINPUT
OBJECT MODULE PLACED IN .\debug\KeyInput.obj
COMPILER INVOKED BY: C:\Keil\C51\BIN\C51.EXE code\KeyInput.C BROWSE DEBUG OBJECTEXTEND PRINT(.\debug\KeyInput.lst) OBJEC
                    -T(.\debug\KeyInput.obj)

stmt level    source

   1          /* Copyright (c) fpdz
   5           *
   6           * All rights reserved.
   7           *
   8           * Redistribution and use in source and binary forms, with or without modification,
   9           * are permitted provided that the following conditions are met:
  10           *
  11           * 1. Redistributions of source code must retain the above copyright notice,
  12           *    this list of conditions and the following disclaimer.
  13           * 2. Redistributions in binary form must reproduce the above copyright notice,
  14           *    this list of conditions and the following disclaimer in the documentation
  15           *    and/or other materials provided with the distribution.
  16           * 3. The name of the author may not be used to endorse or promote products
  17           *    derived from this software without specific prior written permission.
  18           *
  19           * THIS SOFTWARE IS PROVIDED BY THE AUTHOR ``AS IS'' AND ANY EXPRESS OR IMPLIED
  20           * WARRANTIES, INCLUDING, BUT NOT LIMITED TO, THE IMPLIED WARRANTIES OF
  21           * MERCHANTABILITY AND FITNESS FOR A PARTICULAR PURPOSE ARE DISCLAIMED. IN NO EVENT
  22           * SHALL THE AUTHOR BE LIABLE FOR ANY DIRECT, INDIRECT, INCIDENTAL, SPECIAL,
  23           * EXEMPLARY, OR CONSEQUENTIAL DAMAGES (INCLUDING, BUT NOT LIMITED TO, PROCUREMENT
  24           * OF SUBSTITUTE GOODS OR SERVICES; LOSS OF USE, DATA, OR PROFITS; OR BUSINESS
  25           * INTERRUPTION) HOWEVER CAUSED AND ON ANY THEORY OF LIABILITY, WHETHER IN
  26           * CONTRACT, STRICT LIABILITY, OR TORT (INCLUDING NEGLIGENCE OR OTHERWISE) ARISING
  27           * IN ANY WAY OUT OF THE USE OF THIS SOFTWARE, EVEN IF ADVISED OF THE POSSIBILITY
  28           * OF SUCH DAMAGE.
  29           */
  30           
  31          /***********************************************************************/
  32          /*                                                                     */
  33          /*                         KeyInput.C                                  */
  34          /*                                                                     */
  35          /*                       All rights reserved                           */
  36          /*                                                                     */
  37          /* Project : xp-Tetris Program Project                                 */
  38          /* IDE     : Keil uV2                                                  */
  39          /*                                                                     */
  40          /* Instruction: 1.Basic Key input functions,                           */
  41          /*              2.User can change this file to anthor Key-Driver-Prog. */
  42          /*                                                                     */
  43          /* Date   : 13,Aug,2008                                                */
  44          /* Author : CaoXiangpeng xpstudio2008                                  */
  45          /*                                                                     */
  46          /*          latest modified: 13,Aug,2008 ,23:30                        */
  47          /***********************************************************************/
  48          
  49          
  50          #include "MCUREG.H"
  51          #include "SYSCONFIG.H"
  52          
  53          
  54          
C51 COMPILER V7.06   KEYINPUT                                                              10/29/2008 14:40:48 PAGE 2   

  55          sbit KEY1=P0^0;//后面的键
  56          sbit KEY2=P0^1;//
  57          sbit KEY3=P0^2;//前面的键
  58          
  59          INT16U DelayTime=0;
  60          
  61          
  62          //键盘函数
  63          INT8U keyget()
  64          {
  65   1          KEY1=1;KEY2=1;KEY3=1;
  66   1          if(KEY1==0) return 1;
  67   1          if(KEY2==0) return 2;
  68   1          if(KEY3==0) return 3;
  69   1          return 0;
  70   1      }
  71          
  72          bit bKey=0;
  73          INT8U Getkey()
  74          {
  75   1          INT8U keytemp;
  76   1          DelayTime=0;
  77   1          keytemp=keyget();
  78   1          if(keytemp==0)return 0;
  79   1      
  80   1          while(1)
  81   1          {
  82   2              Delay(2);DelayTime++;
  83   2              if(keyget() == 0)//去抖,按键松开,返回键值
  84   2              {
  85   3                  bKey=0;
  86   3                  return keytemp;
  87   3              }
  88   2              
  89   2              if(bKey)
  90   2              {
  91   3                  if(DelayTime==4)return keytemp; 
  92   3              }
  93   2          
  94   2              if(DelayTime>25)//不能超过这个时间长度吧
  95   2              {   
  96   3                  bKey=1;
  97   3                  return keytemp;
  98   3              }
  99   2          }//while(1)
 100   1      }
 101          
 102          
 103          //-----------------------------End of File-----------------------------//


MODULE INFORMATION:   STATIC OVERLAYABLE
   CODE SIZE        =     97    ----
   CONSTANT SIZE    =   ----    ----
   XDATA SIZE       =   ----    ----
   PDATA SIZE       =   ----    ----
   DATA SIZE        =      2       1
   IDATA SIZE       =   ----    ----
   BIT SIZE         =      1    ----
END OF MODULE INFORMATION.


C51 COMPILATION COMPLETE.  0 WARNING(S),  0 ERROR(S)
